{
  "version": "1.5.0",
  "plugins_used": [
    {
      "name": "ArtifactoryDetector"
    },
    {
      "name": "AWSKeyDetector"
    },
    {
      "name": "AzureStorageKeyDetector"
    },
    {
      "name": "Base64HighEntropyString",
      "limit": 4.5
    },
    {
      "name": "BasicAuthDetector"
    },
    {
      "name": "CloudantDetector"
    },
    {
      "name": "DiscordBotTokenDetector"
    },
    {
      "name": "GitHubTokenDetector"
    },
    {
      "name": "GitLabTokenDetector"
    },
    {
      "name": "HexHighEntropyString",
      "limit": 3.0
    },
    {
      "name": "IbmCloudIamDetector"
    },
    {
      "name": "IbmCosHmacDetector"
    },
    {
      "name": "IPPublicDetector"
    },
    {
      "name": "JwtTokenDetector"
    },
    {
      "name": "KeywordDetector",
      "keyword_exclude": ""
    },
    {
      "name": "MailchimpDetector"
    },
    {
      "name": "NpmDetector"
    },
    {
      "name": "OpenAIDetector"
    },
    {
      "name": "PrivateKeyDetector"
    },
    {
      "name": "PypiTokenDetector"
    },
    {
      "name": "SendGridDetector"
    },
    {
      "name": "SlackDetector"
    },
    {
      "name": "SoftlayerDetector"
    },
    {
      "name": "SquareOAuthDetector"
    },
    {
      "name": "StripeDetector"
    },
    {
      "name": "TelegramBotTokenDetector"
    },
    {
      "name": "TwilioKeyDetector"
    }
  ],
  "filters_used": [
    {
      "path": "detect_secrets.filters.allowlist.is_line_allowlisted"
    },
    {
      "path": "detect_secrets.filters.common.is_baseline_file",
      "filename": ".secrets.baseline"
    },
    {
      "path": "detect_secrets.filters.common.is_ignored_due_to_verification_policies",
      "min_level": 2
    },
    {
      "path": "detect_secrets.filters.heuristic.is_indirect_reference"
    },
    {
      "path": "detect_secrets.filters.heuristic.is_likely_id_string"
    },
    {
      "path": "detect_secrets.filters.heuristic.is_lock_file"
    },
    {
      "path": "detect_secrets.filters.heuristic.is_not_alphanumeric_string"
    },
    {
      "path": "detect_secrets.filters.heuristic.is_potential_uuid"
    },
    {
      "path": "detect_secrets.filters.heuristic.is_prefixed_with_dollar_sign"
    },
    {
      "path": "detect_secrets.filters.heuristic.is_sequential_string"
    },
    {
      "path": "detect_secrets.filters.heuristic.is_swagger_file"
    },
    {
      "path": "detect_secrets.filters.heuristic.is_templated_secret"
    },
    {
      "path": "detect_secrets.filters.regex.should_exclude_file",
      "pattern": [
        "uv\\.lock|\\.agentready/|openapi\\.json|skills-store/"
      ]
    }
  ],
  "results": {
    "CLAUDE.md": [
      {
        "type": "Secret Keyword",
        "filename": "CLAUDE.md",
        "hashed_secret": "004d26879e47f84d4077d83af76fb3dd779b76f0",
        "is_verified": false,
        "line_number": 49
      }
    ],
    "deploy/k8s/secret.example.yaml": [
      {
        "type": "Secret Keyword",
        "filename": "deploy/k8s/secret.example.yaml",
        "hashed_secret": "b7cc0748b4282ace5f9aeec50119802557985cc5",
        "is_verified": false,
        "line_number": 12
      }
    ],
    "docs/design/DESIGN.md": [
      {
        "type": "Secret Keyword",
        "filename": "docs/design/DESIGN.md",
        "hashed_secret": "02ecb94373bfb3dfe827ca18409f50b016e8302a",
        "is_verified": false,
        "line_number": 1074
      },
      {
        "type": "Secret Keyword",
        "filename": "docs/design/DESIGN.md",
        "hashed_secret": "ec3810e10fb78db55ce38b9c18d1c3eb1db739e0",
        "is_verified": false,
        "line_number": 1075
      }
    ],
    "tests/integration/test_app.py": [
      {
        "type": "Secret Keyword",
        "filename": "tests/integration/test_app.py",
        "hashed_secret": "3acfb2c2b433c0ea7ff107e33df91b18e52f960f",
        "is_verified": false,
        "line_number": 46
      }
    ],
    "tests/integration/test_database_endpoints.py": [
      {
        "type": "Secret Keyword",
        "filename": "tests/integration/test_database_endpoints.py",
        "hashed_secret": "3acfb2c2b433c0ea7ff107e33df91b18e52f960f",
        "is_verified": false,
        "line_number": 37
      }
    ],
    "tests/integration/test_mcp_tools.py": [
      {
        "type": "Secret Keyword",
        "filename": "tests/integration/test_mcp_tools.py",
        "hashed_secret": "3acfb2c2b433c0ea7ff107e33df91b18e52f960f",
        "is_verified": false,
        "line_number": 129
      }
    ],
    "tests/integration/test_session_limits.py": [
      {
        "type": "Secret Keyword",
        "filename": "tests/integration/test_session_limits.py",
        "hashed_secret": "3acfb2c2b433c0ea7ff107e33df91b18e52f960f",
        "is_verified": false,
        "line_number": 77
      }
    ],
    "tests/integration/test_simulation_lifecycle.py": [
      {
        "type": "Secret Keyword",
        "filename": "tests/integration/test_simulation_lifecycle.py",
        "hashed_secret": "3acfb2c2b433c0ea7ff107e33df91b18e52f960f",
        "is_verified": false,
        "line_number": 114
      }
    ],
    "tests/unit/config/test_settings.py": [
      {
        "type": "Secret Keyword",
        "filename": "tests/unit/config/test_settings.py",
        "hashed_secret": "02ecb94373bfb3dfe827ca18409f50b016e8302a",
        "is_verified": false,
        "line_number": 152
      }
    ],
    "tests/unit/core/test_simulation_host.py": [
      {
        "type": "Secret Keyword",
        "filename": "tests/unit/core/test_simulation_host.py",
        "hashed_secret": "0eaeee95421b67e5cc50ee660c0256aeabf01282",
        "is_verified": false,
        "line_number": 34
      }
    ],
    "tests/unit/test_main_logging.py": [
      {
        "type": "Secret Keyword",
        "filename": "tests/unit/test_main_logging.py",
        "hashed_secret": "3acfb2c2b433c0ea7ff107e33df91b18e52f960f",
        "is_verified": false,
        "line_number": 60
      }
    ],
    "utils/test-client/examples/aha_openapi_original.json": [
      {
        "type": "Hex High Entropy String",
        "filename": "utils/test-client/examples/aha_openapi_original.json",
        "hashed_secret": "cf47b08d65295a85a144f20b4a71e56f12a370be",
        "is_verified": false,
        "line_number": 28827
      },
      {
        "type": "Hex High Entropy String",
        "filename": "utils/test-client/examples/aha_openapi_original.json",
        "hashed_secret": "ada135bc2061a54493ef947ae51baa2d056f0c7f",
        "is_verified": false,
        "line_number": 28978
      },
      {
        "type": "Hex High Entropy String",
        "filename": "utils/test-client/examples/aha_openapi_original.json",
        "hashed_secret": "72a5a10c067ba8a9cb615a0b0189a8cebed43f64",
        "is_verified": false,
        "line_number": 74418
      }
    ],
    "utils/test-client/examples/booking-com-demand-api-fixed.json": [
      {
        "type": "JSON Web Token",
        "filename": "utils/test-client/examples/booking-com-demand-api-fixed.json",
        "hashed_secret": "2f3e7818f677cf653f2ba4a800d9f6c29109b13f",
        "is_verified": false,
        "line_number": 1638
      },
      {
        "type": "JSON Web Token",
        "filename": "utils/test-client/examples/booking-com-demand-api-fixed.json",
        "hashed_secret": "29855aa30066511fd802839dbc28b94b9d1a3d63",
        "is_verified": false,
        "line_number": 1641
      },
      {
        "type": "Base64 High Entropy String",
        "filename": "utils/test-client/examples/booking-com-demand-api-fixed.json",
        "hashed_secret": "14e026e71ff82825c8b261b20d3a64623c63c635",
        "is_verified": false,
        "line_number": 4688
      }
    ],
    "utils/test-client/examples/booking-com-demand-api.json": [
      {
        "type": "JSON Web Token",
        "filename": "utils/test-client/examples/booking-com-demand-api.json",
        "hashed_secret": "2f3e7818f677cf653f2ba4a800d9f6c29109b13f",
        "is_verified": false,
        "line_number": 1638
      },
      {
        "type": "JSON Web Token",
        "filename": "utils/test-client/examples/booking-com-demand-api.json",
        "hashed_secret": "29855aa30066511fd802839dbc28b94b9d1a3d63",
        "is_verified": false,
        "line_number": 1641
      },
      {
        "type": "Base64 High Entropy String",
        "filename": "utils/test-client/examples/booking-com-demand-api.json",
        "hashed_secret": "14e026e71ff82825c8b261b20d3a64623c63c635",
        "is_verified": false,
        "line_number": 4688
      }
    ],
    "utils/test-client/examples/slack_web_openapi_v2.json": [
      {
        "type": "Base64 High Entropy String",
        "filename": "utils/test-client/examples/slack_web_openapi_v2.json",
        "hashed_secret": "25143262d93591743a9caeb871d1a5228ad20a9b",
        "is_verified": false,
        "line_number": 13721
      },
      {
        "type": "Base64 High Entropy String",
        "filename": "utils/test-client/examples/slack_web_openapi_v2.json",
        "hashed_secret": "e5cde31cb9eaaae937eb14dbac216535835547e8",
        "is_verified": false,
        "line_number": 19449
      },
      {
        "type": "Hex High Entropy String",
        "filename": "utils/test-client/examples/slack_web_openapi_v2.json",
        "hashed_secret": "90bd65892643e7bc6c3df530f9846a841b4a5a09",
        "is_verified": false,
        "line_number": 19459
      },
      {
        "type": "Hex High Entropy String",
        "filename": "utils/test-client/examples/slack_web_openapi_v2.json",
        "hashed_secret": "804ec071803318791b835cffd6e509c8d32239db",
        "is_verified": false,
        "line_number": 21688
      },
      {
        "type": "Hex High Entropy String",
        "filename": "utils/test-client/examples/slack_web_openapi_v2.json",
        "hashed_secret": "c6d9c2c6b22aec1de90cfe3a99e391709503f770",
        "is_verified": false,
        "line_number": 25422
      }
    ],
    "utils/test-client/examples/slack_web_openapi_v2_openapi3.json": [
      {
        "type": "Base64 High Entropy String",
        "filename": "utils/test-client/examples/slack_web_openapi_v2_openapi3.json",
        "hashed_secret": "25143262d93591743a9caeb871d1a5228ad20a9b",
        "is_verified": false,
        "line_number": 12480
      },
      {
        "type": "Base64 High Entropy String",
        "filename": "utils/test-client/examples/slack_web_openapi_v2_openapi3.json",
        "hashed_secret": "e5cde31cb9eaaae937eb14dbac216535835547e8",
        "is_verified": false,
        "line_number": 18555
      },
      {
        "type": "Hex High Entropy String",
        "filename": "utils/test-client/examples/slack_web_openapi_v2_openapi3.json",
        "hashed_secret": "90bd65892643e7bc6c3df530f9846a841b4a5a09",
        "is_verified": false,
        "line_number": 18565
      },
      {
        "type": "Hex High Entropy String",
        "filename": "utils/test-client/examples/slack_web_openapi_v2_openapi3.json",
        "hashed_secret": "804ec071803318791b835cffd6e509c8d32239db",
        "is_verified": false,
        "line_number": 21029
      },
      {
        "type": "Hex High Entropy String",
        "filename": "utils/test-client/examples/slack_web_openapi_v2_openapi3.json",
        "hashed_secret": "c6d9c2c6b22aec1de90cfe3a99e391709503f770",
        "is_verified": false,
        "line_number": 25049
      }
    ]
  },
  "generated_at": "2026-09-03T13:09:37Z"
}
